// Jest Snapshot v1, https://goo.gl/fbAQLP

exports[`Form test suite Should render Form correctly 1`] = `
<div
  class="sc-bdVaJa dKdJKp"
>
  <h1
    class="sc-bwzfXH jjfDCS"
  >
    What do you want to do??
  </h1>
  <form
    autocomplete="off"
    class="sc-htpNat bdTqtb"
  >
    <input
      class="sc-bxivhb cNpncz"
      data-testid="input"
      name="toDo"
      type="text"
      value=""
    />
    <button
      class="sc-ifAKCX bDTMJK"
      type="submit"
    >
      Decide
    </button>
  </form>
</div>
`;
