// Jest Snapshot v1, https://goo.gl/fbAQLP

exports[`Header test suite Should render Header correctly 1`] = `
<header
  class="sc-bdVaJa etdiGl"
>
  <nav
    class="sc-bwzfXH bKpTzt"
  >
    <a
      aria-current="page"
      class="sc-ifAKCX djbGiO active"
      href="/"
    >
      Should You 
      <span
        class="sc-EHOje efxguo"
      >
        Do It
      </span>
    </a>
    <ul
      class="sc-htpNat cixthU"
    >
      <li
        class="sc-bxivhb fcqCpQ"
      >
        <a
          aria-current="page"
          class="sc-ifAKCX cDuLYn activeHeaderLink"
          href="/"
        >
          Home
        </a>
      </li>
      <li
        class="sc-bxivhb fcqCpQ"
      >
        <a
          class="sc-ifAKCX cDuLYn"
          href="/gallery"
        >
          Gallery
        </a>
      </li>
    </ul>
  </nav>
</header>
`;
