// Jest Snapshot v1, https://goo.gl/fbAQLP

exports[`Not Found test suite Should render Not Found correctly 1`] = `
<div
  class="sc-bdVaJa cCsnJS"
>
  <p
    class="sc-bwzfXH hZIatJ"
  >
    404
  </p>
  <p
    class="sc-htpNat sXacK"
  >
    Oops, we can't seem to find the page you're looking for.
  </p>
  <a
    class="sc-bxivhb diCfZq"
    href="/"
  >
    Home
  </a>
</div>
`;
