// Jest Snapshot v1, https://goo.gl/fbAQLP

exports[`App Router test suite Should render App Router correctly 1`] = `
<div
  class="sc-jDwBTQ gozLLG"
>
  <header
    class="sc-ckVGcZ cjRLKI"
  >
    <nav
      class="sc-jKJlTe hZuZfW"
    >
      <a
        aria-current="page"
        class="sc-kEYyzF eIPgcw active"
        href="/"
      >
        Should You 
        <span
          class="sc-kkGfuU iJfJXv"
        >
          Do It
        </span>
      </a>
      <ul
        class="sc-eNQAEJ jZNGcd"
      >
        <li
          class="sc-hMqMXs gcxcSR"
        >
          <a
            aria-current="page"
            class="sc-kEYyzF gZsYJU activeHeaderLink"
            href="/"
          >
            Home
          </a>
        </li>
        <li
          class="sc-hMqMXs gcxcSR"
        >
          <a
            class="sc-kEYyzF gZsYJU"
            href="/gallery"
          >
            Gallery
          </a>
        </li>
      </ul>
    </nav>
  </header>
  <section
    class="sc-bdVaJa hrXhkO"
  >
    <div
      class="sc-bwzfXH iAtwKB"
    >
      <h1
        class="sc-htpNat jTMDms"
      >
        What do you want to do?
      </h1>
      <form
        autocomplete="off"
        class="sc-bxivhb jOHLsI"
      >
        <input
          class="sc-ifAKCX kSnyJN"
          data-testid="input"
          name="toDo"
          type="text"
          value=""
        />
        <button
          class="sc-EHOje gJehKJ"
          type="submit"
        >
          Decide
        </button>
      </form>
    </div>
  </section>
  <div
    class="sc-iwsKbI deaeZI"
  >
    <div
      class="sc-gZMcBi hNRCqh"
    >
      <div
        class="sc-gqjmRU cNBMaw"
      >
        <h1
          class="sc-VigVT ewQHNn"
        >
          Oops!
        </h1>
        <p
          class="sc-jTzLTM kApKu"
        />
        <button
          class="sc-fjdhpX fUzulY"
        >
          Okay
        </button>
      </div>
    </div>
  </div>
</div>
`;
