// Jest Snapshot v1, https://goo.gl/fbAQLP

exports[`Footer test suite Should render Footer correctly 1`] = `
<footer
  class="sc-bdVaJa bulNMW"
>
  <p
    class="sc-bwzfXH kgMNSL"
  >
    Made with 
    <span
      class="sc-bxivhb gNxrLP"
    >
      ♥
    </span>
     by 
    <a
      class="sc-htpNat kiXTiO"
      href="https://github.com/marcoescaleira"
    >
      Marco Escaleira
    </a>
     & 
    <a
      class="sc-htpNat kiXTiO"
      href="https://github.com/MarceloSilva00"
    >
      Marcelo Silva
    </a>
  </p>
</footer>
`;
